stm32f4xx_it.c:81:6:NMI_Handler	0	static
stm32f4xx_it.c:94:6:HardFault_Handler	0	static
stm32f4xx_it.c:109:6:MemManage_Handler	0	static
stm32f4xx_it.c:124:6:BusFault_Handler	0	static
stm32f4xx_it.c:139:6:UsageFault_Handler	0	static
stm32f4xx_it.c:154:6:SVC_Handler	0	static
stm32f4xx_it.c:167:6:DebugMon_Handler	0	static
stm32f4xx_it.c:180:6:PendSV_Handler	0	static
stm32f4xx_it.c:193:6:SysTick_Handler	8	static
stm32f4xx_it.c:214:6:RTC_WKUP_IRQHandler	8	static
stm32f4xx_it.c:228:6:FLASH_IRQHandler	8	static
stm32f4xx_it.c:242:6:RCC_IRQHandler	0	static
stm32f4xx_it.c:255:6:ADC_IRQHandler	8	static
stm32f4xx_it.c:269:6:I2C1_EV_IRQHandler	8	static
stm32f4xx_it.c:283:6:I2C1_ER_IRQHandler	8	static
stm32f4xx_it.c:297:6:SPI1_IRQHandler	8	static
stm32f4xx_it.c:311:6:USART3_IRQHandler	8	static
stm32f4xx_it.c:350:6:RTC_Alarm_IRQHandler	8	static
stm32f4xx_it.c:364:6:UART4_IRQHandler	8	static
stm32f4xx_it.c:382:6:TIM7_IRQHandler	8	static
stm32f4xx_it.c:396:6:DMA2_Stream4_IRQHandler	8	static
