user_eeprom.c:1032:6:getDeviceSignatureFromMemory	16	static
user_eeprom.c:1193:6:HAL_I2C_ErrorCallback	8	static
user_eeprom.c:1234:6:updateMemoryOperationStatus	0	static
user_eeprom.c:1274:6:initDefaultParameters	16	static
user_eeprom.c:1318:6:initMemoryRead	0	static
user_eeprom.c:1372:6:initMemoryWrite	0	static
user_eeprom.c:1420:6:testEEPROM	16	static
user_eeprom.c:1489:6:enableMemoryOperation	0	static
user_eeprom.c:1528:6:writeDefaultParamtoMemory	16	static
user_eeprom.c:1573:6:initSignatureWrite	0	static
user_eeprom.c:1610:6:writeParametertoMemory	0	static
user_eeprom.c:1685:6:initSystemDefaultsfromMemory	16	static
user_eeprom.c:634:6:readFromMemory	16	static
user_eeprom.c:1094:6:HAL_I2C_MemRxCpltCallback	8	static
user_eeprom.c:1739:10:getAvailableSpaceInMemoryPage	0	static
user_eeprom.c:1775:10:getFirstPageWriteSize	0	static
user_eeprom.c:1823:10:getLastPageWriteSize	0	static
user_eeprom.c:1864:10:getPageWriteCyclesRequired	0	static
user_eeprom.c:209:6:writeToMemory	32	static
user_eeprom.c:1877:6:systemReset	0	static
user_eeprom.c:953:6:HAL_I2C_MemTxCpltCallback	8	static
